This is my test file.
Hello guys
